
> global-shopping-assistant@1.0.0 test
> vitest --run --reporter=verbose


[1m[46m RUN [49m[22m [36mv3.2.4 [39m[90mC:/Users/pc/Documents/GitHub/wrlds-ai-integration-6556[39m

 [32mΓ£ô[39m src/__tests__/searchSuggestions.test.ts[2m > [22mgenerateSearchSuggestions[2m > [22mtrß║ú vß╗ü rß╗ùng khi query ngß║»n h╞ín MIN_QUERY_LENGTH[32m 4[2mms[22m[39m
 [32mΓ£ô[39m src/__tests__/searchSuggestions.test.ts[2m > [22mgenerateSearchSuggestions[2m > [22mkh├┤ng ph├ón biß╗çt hoa/th╞░ß╗¥ng v├á match theo t├¬n sß║ún phß║⌐m, category, v├á tag[32m 3[2mms[22m[39m
 [32mΓ£ô[39m src/__tests__/searchSuggestions.test.ts[2m > [22mgenerateSearchSuggestions[2m > [22msß║»p xß║┐p theo count giß║úm dß║ºn v├á giß╗¢i hß║ín sß╗æ l╞░ß╗úng theo MAX_SUGGESTIONS[32m 2[2mms[22m[39m
 [32mΓ£ô[39m src/__tests__/enhancedSearch.test.ts[2m > [22menhancedSearch[2m > [22mshould generate suggestions for common query[32m 4[2mms[22m[39m
 [32mΓ£ô[39m src/__tests__/enhancedSearch.test.ts[2m > [22menhancedSearch[2m > [22mshould perform advanced search and return results[32m 3[2mms[22m[39m
 [32mΓ£ô[39m src/__tests__/subscribe.server.test.ts[2m > [22mServerless subscribe endpoints[2m > [22mVercel /api/subscribe[2m > [22mreturns 405 for non-POST[32m 4[2mms[22m[39m
 [32mΓ£ô[39m src/__tests__/subscribe.server.test.ts[2m > [22mServerless subscribe endpoints[2m > [22mVercel /api/subscribe[2m > [22mreturns 400 for invalid email[32m 1[2mms[22m[39m
 [32mΓ£ô[39m src/__tests__/subscribe.server.test.ts[2m > [22mServerless subscribe endpoints[2m > [22mVercel /api/subscribe[2m > [22mforwards to webhook with Authorization when configured[32m 4[2mms[22m[39m
 [32mΓ£ô[39m src/__tests__/subscribe.server.test.ts[2m > [22mServerless subscribe endpoints[2m > [22mVercel /api/subscribe[2m > [22mreturns 502 when upstream webhook fails[32m 1[2mms[22m[39m
 [32mΓ£ô[39m src/__tests__/subscribe.server.test.ts[2m > [22mServerless subscribe endpoints[2m > [22mVercel /api/subscribe[2m > [22mfalls back to 200 when no webhook configured[32m 0[2mms[22m[39m
 [32mΓ£ô[39m src/__tests__/subscribe.server.test.ts[2m > [22mServerless subscribe endpoints[2m > [22mNetlify /.netlify/functions/subscribe[2m > [22mreturns 405 for non-POST[32m 1[2mms[22m[39m
 [32mΓ£ô[39m src/__tests__/subscribe.server.test.ts[2m > [22mServerless subscribe endpoints[2m > [22mNetlify /.netlify/functions/subscribe[2m > [22mreturns 400 for invalid email[32m 0[2mms[22m[39m
 [32mΓ£ô[39m src/__tests__/subscribe.server.test.ts[2m > [22mServerless subscribe endpoints[2m > [22mNetlify /.netlify/functions/subscribe[2m > [22mforwards to webhook and returns 200 when ok[32m 1[2mms[22m[39m
 [32mΓ£ô[39m src/__tests__/subscribe.server.test.ts[2m > [22mServerless subscribe endpoints[2m > [22mNetlify /.netlify/functions/subscribe[2m > [22mreturns 502 when upstream webhook fails[32m 1[2mms[22m[39m
 [32mΓ£ô[39m src/__tests__/subscribe.server.test.ts[2m > [22mServerless subscribe endpoints[2m > [22mNetlify /.netlify/functions/subscribe[2m > [22mfalls back to 200 when no webhook configured[32m 0[2mms[22m[39m
 [32mΓ£ô[39m src/services/__tests__/orderService.test.ts[2m > [22mOrderService[2m > [22mOrder Creation[2m > [22mshould create a new order successfully[32m 6[2mms[22m[39m
 [32mΓ£ô[39m src/services/__tests__/orderService.test.ts[2m > [22mOrderService[2m > [22mOrder Creation[2m > [22mshould create order with promo code[32m 1[2mms[22m[39m
 [32mΓ£ô[39m src/services/__tests__/orderService.test.ts[2m > [22mOrderService[2m > [22mOrder Creation[2m > [22mshould create order with gift options[32m 1[2mms[22m[39m
 [32mΓ£ô[39m src/services/__tests__/orderService.test.ts[2m > [22mOrderService[2m > [22mOrder Retrieval[2m > [22mshould get order by ID[32m 1[2mms[22m[39m
 [32mΓ£ô[39m src/services/__tests__/orderService.test.ts[2m > [22mOrderService[2m > [22mOrder Retrieval[2m > [22mshould return null for non-existent order[32m 0[2mms[22m[39m
 [32mΓ£ô[39m src/services/__tests__/orderService.test.ts[2m > [22mOrderService[2m > [22mOrder Retrieval[2m > [22mshould get orders by customer[32m 1[2mms[22m[39m
 [32mΓ£ô[39m src/services/__tests__/orderService.test.ts[2m > [22mOrderService[2m > [22mOrder Retrieval[2m > [22mshould filter orders by status[32m 1[2mms[22m[39m
 [32mΓ£ô[39m src/services/__tests__/orderService.test.ts[2m > [22mOrderService[2m > [22mOrder Status Updates[2m > [22mshould confirm order[32m 1[2mms[22m[39m
 [32mΓ£ô[39m src/services/__tests__/orderService.test.ts[2m > [22mOrderService[2m > [22mOrder Status Updates[2m > [22mshould ship order[32m 1[2mms[22m[39m
 [32mΓ£ô[39m src/services/__tests__/orderService.test.ts[2m > [22mOrderService[2m > [22mOrder Status Updates[2m > [22mshould deliver order[32m 1[2mms[22m[39m
 [32mΓ£ô[39m src/services/__tests__/orderService.test.ts[2m > [22mOrderService[2m > [22mOrder Status Updates[2m > [22mshould cancel order[32m 1[2mms[22m[39m
 [32mΓ£ô[39m src/services/__tests__/orderService.test.ts[2m > [22mOrderService[2m > [22mOrder Calculations[2m > [22mshould calculate order totals correctly[32m 0[2mms[22m[39m
 [32mΓ£ô[39m src/services/__tests__/orderService.test.ts[2m > [22mOrderService[2m > [22mOrder Search[2m > [22mshould search orders with filters[32m 1[2mms[22m[39m
 [32mΓ£ô[39m src/services/__tests__/orderService.test.ts[2m > [22mOrderService[2m > [22mService Initialization[2m > [22mshould initialize with mock data[32m 0[2mms[22m[39m
 [32mΓ£ô[39m src/services/__tests__/orderService.test.ts[2m > [22mOrderService[2m > [22mService Initialization[2m > [22mshould have existing orders from mock data[32m 0[2mms[22m[39m
 [32mΓ£ô[39m src/__tests__/subscribe.test.ts[2m > [22msubscribeEmail service[2m > [22mshould reject invalid emails[32m 3[2mms[22m[39m
 [32mΓ£ô[39m src/__tests__/subscribe.test.ts[2m > [22msubscribeEmail service[2m > [22mshould succeed in fallback mode when endpoint is not configured[32m 53[2mms[22m[39m
 [32mΓ£ô[39m src/services/__tests__/enhancedCartService.test.ts[2m > [22mEnhancedCartService[2m > [22mSaved Cart Management[2m > [22mshould save a cart successfully[32m 6[2mms[22m[39m
 [32mΓ£ô[39m src/services/__tests__/enhancedCartService.test.ts[2m > [22mEnhancedCartService[2m > [22mSaved Cart Management[2m > [22mshould save a cart with options[32m 1[2mms[22m[39m
 [32mΓ£ô[39m src/services/__tests__/enhancedCartService.test.ts[2m > [22mEnhancedCartService[2m > [22mSaved Cart Management[2m > [22mshould get saved carts for a customer[32m 1[2mms[22m[39m
 [32mΓ£ô[39m src/services/__tests__/enhancedCartService.test.ts[2m > [22mEnhancedCartService[2m > [22mSaved Cart Management[2m > [22mshould filter saved carts by tags[32m 1[2mms[22m[39m
 [32mΓ£ô[39m src/services/__tests__/enhancedCartService.test.ts[2m > [22mEnhancedCartService[2m > [22mSaved Cart Management[2m > [22mshould sort saved carts correctly[32m 20[2mms[22m[39m
 [32mΓ£ô[39m src/services/__tests__/enhancedCartService.test.ts[2m > [22mEnhancedCartService[2m > [22mSaved Cart Management[2m > [22mshould update a saved cart[32m 1[2mms[22m[39m
 [32mΓ£ô[39m src/services/__tests__/enhancedCartService.test.ts[2m > [22mEnhancedCartService[2m > [22mSaved Cart Management[2m > [22mshould delete a saved cart[32m 0[2mms[22m[39m
 [32mΓ£ô[39m src/services/__tests__/enhancedCartService.test.ts[2m > [22mEnhancedCartService[2m > [22mSaved Cart Management[2m > [22mshould handle non-existent cart update[32m 2[2mms[22m[39m
 [32mΓ£ô[39m src/services/__tests__/enhancedCartService.test.ts[2m > [22mEnhancedCartService[2m > [22mCart Sharing[2m > [22mshould share a cart successfully[32m 1[2mms[22m[39m
 [32mΓ£ô[39m src/services/__tests__/enhancedCartService.test.ts[2m > [22mEnhancedCartService[2m > [22mCart Sharing[2m > [22mshould share a cart with custom options[32m 1[2mms[22m[39m
 [32mΓ£ô[39m src/services/__tests__/enhancedCartService.test.ts[2m > [22mEnhancedCartService[2m > [22mBulk Operations[2m > [22mshould execute bulk quantity update[32m 1[2mms[22m[39m
 [32mΓ£ô[39m src/services/__tests__/enhancedCartService.test.ts[2m > [22mEnhancedCartService[2m > [22mBulk Operations[2m > [22mshould execute bulk item removal[32m 0[2mms[22m[39m
 [32mΓ£ô[39m src/services/__tests__/enhancedCartService.test.ts[2m > [22mEnhancedCartService[2m > [22mBulk Operations[2m > [22mshould get bulk operation history[32m 0[2mms[22m[39m
 [32mΓ£ô[39m src/services/__tests__/enhancedCartService.test.ts[2m > [22mEnhancedCartService[2m > [22mPrice Alerts[2m > [22mshould create a price alert[32m 0[2mms[22m[39m
 [32mΓ£ô[39m src/services/__tests__/enhancedCartService.test.ts[2m > [22mEnhancedCartService[2m > [22mPrice Alerts[2m > [22mshould get price alerts for customer[32m 1[2mms[22m[39m
 [32mΓ£ô[39m src/services/__tests__/enhancedCartService.test.ts[2m > [22mEnhancedCartService[2m > [22mPrice Alerts[2m > [22mshould update a price alert[32m 0[2mms[22m[39m
 [32mΓ£ô[39m src/services/__tests__/enhancedCartService.test.ts[2m > [22mEnhancedCartService[2m > [22mPrice Alerts[2m > [22mshould delete a price alert[32m 0[2mms[22m[39m
 [32mΓ£ô[39m src/services/__tests__/enhancedCartService.test.ts[2m > [22mEnhancedCartService[2m > [22mCart Analytics[2m > [22mshould generate analytics data[32m 1[2mms[22m[39m
 [32mΓ£ô[39m src/services/__tests__/enhancedCartService.test.ts[2m > [22mEnhancedCartService[2m > [22mError Handling[2m > [22mshould handle invalid cart save[32m 0[2mms[22m[39m
 [32mΓ£ô[39m src/services/__tests__/enhancedCartService.test.ts[2m > [22mEnhancedCartService[2m > [22mError Handling[2m > [22mshould handle sharing non-existent cart[32m 0[2mms[22m[39m
 [32mΓ£ô[39m src/services/__tests__/paymentService.test.ts[2m > [22mPaymentService[2m > [22mConfiguration[2m > [22mshould initialize with default config[32m 4[2mms[22m[39m
 [32mΓ£ô[39m src/services/__tests__/paymentService.test.ts[2m > [22mPaymentService[2m > [22mConfiguration[2m > [22mshould initialize with custom config[32m 1[2mms[22m[39m
 [32mΓ£ô[39m src/services/__tests__/paymentService.test.ts[2m > [22mPaymentService[2m > [22mConfiguration[2m > [22mshould have proper default configuration values[32m 1[2mms[22m[39m
 [32mΓ£ô[39m src/utils/__tests__/metricsCollector.test.ts[2m > [22mMetricsCollector[2m > [22mInitialization[2m > [22mshould initialize metrics collector[32m 5[2mms[22m[39m
 [32mΓ£ô[39m src/utils/__tests__/metricsCollector.test.ts[2m > [22mMetricsCollector[2m > [22mInitialization[2m > [22mshould not initialize twice[32m 1[2mms[22m[39m
 [31m├ù[39m src/utils/__tests__/metricsCollector.test.ts[2m > [22mMetricsCollector[2m > [22mInitialization[2m > [22mshould respect sample rate[32m 15[2mms[22m[39m
[31m   ΓåÆ expected 1 to be +0 // Object.is equality[39m
 [32mΓ£ô[39m src/utils/__tests__/metricsCollector.test.ts[2m > [22mMetricsCollector[2m > [22mInitialization[2m > [22mshould generate unique session IDs[32m 1[2mms[22m[39m
 [32mΓ£ô[39m src/utils/__tests__/metricsCollector.test.ts[2m > [22mMetricsCollector[2m > [22mMetric Recording[2m > [22mshould record custom metrics[32m 2[2mms[22m[39m
 [32mΓ£ô[39m src/utils/__tests__/metricsCollector.test.ts[2m > [22mMetricsCollector[2m > [22mMetric Recording[2m > [22mshould add context to metrics[32m 1[2mms[22m[39m
 [32mΓ£ô[39m src/utils/__tests__/metricsCollector.test.ts[2m > [22mMetricsCollector[2m > [22mMetric Recording[2m > [22mshould trigger flush when batch size is reached[32m 108[2mms[22m[39m
 [32mΓ£ô[39m src/utils/__tests__/metricsCollector.test.ts[2m > [22mMetricsCollector[2m > [22mBatching & Flushing[2m > [22mshould batch metrics before sending[32m 2[2mms[22m[39m
 [32mΓ£ô[39m src/utils/__tests__/metricsCollector.test.ts[2m > [22mMetricsCollector[2m > [22mBatching & Flushing[2m > [22mshould include session ID in batch[32m 2[2mms[22m[39m
 [32mΓ£ô[39m src/utils/__tests__/metricsCollector.test.ts[2m > [22mMetricsCollector[2m > [22mBatching & Flushing[2m > [22mshould include timestamp in batch[32m 2[2mms[22m[39m
 [32mΓ£ô[39m src/utils/__tests__/metricsCollector.test.ts[2m > [22mMetricsCollector[2m > [22mBatching & Flushing[2m > [22mshould clear metrics after successful flush[32m 1[2mms[22m[39m
 [32mΓ£ô[39m src/utils/__tests__/metricsCollector.test.ts[2m > [22mMetricsCollector[2m > [22mBatching & Flushing[2m > [22mshould retry metrics on failed flush[32m 2[2mms[22m[39m
 [32mΓ£ô[39m src/utils/__tests__/metricsCollector.test.ts[2m > [22mMetricsCollector[2m > [22mPerformance Thresholds[2m > [22mshould define LCP thresholds[32m 1[2mms[22m[39m
 [32mΓ£ô[39m src/utils/__tests__/metricsCollector.test.ts[2m > [22mMetricsCollector[2m > [22mPerformance Thresholds[2m > [22mshould define FID thresholds[32m 1[2mms[22m[39m
 [32mΓ£ô[39m src/utils/__tests__/metricsCollector.test.ts[2m > [22mMetricsCollector[2m > [22mPerformance Thresholds[2m > [22mshould define CLS thresholds[32m 1[2mms[22m[39m
 [32mΓ£ô[39m src/utils/__tests__/metricsCollector.test.ts[2m > [22mMetricsCollector[2m > [22mPerformance Thresholds[2m > [22mshould define TTFB thresholds[32m 1[2mms[22m[39m
 [32mΓ£ô[39m src/utils/__tests__/metricsCollector.test.ts[2m > [22mMetricsCollector[2m > [22mPerformance Thresholds[2m > [22mshould define FCP thresholds[32m 1[2mms[22m[39m
 [32mΓ£ô[39m src/utils/__tests__/metricsCollector.test.ts[2m > [22mMetricsCollector[2m > [22mRequest Configuration[2m > [22mshould send metrics to correct endpoint[32m 1[2mms[22m[39m
 [32mΓ£ô[39m src/utils/__tests__/metricsCollector.test.ts[2m > [22mMetricsCollector[2m > [22mRequest Configuration[2m > [22mshould use POST method[32m 1[2mms[22m[39m
 [32mΓ£ô[39m src/utils/__tests__/metricsCollector.test.ts[2m > [22mMetricsCollector[2m > [22mRequest Configuration[2m > [22mshould set Content-Type header[32m 1[2mms[22m[39m
 [32mΓ£ô[39m src/utils/__tests__/metricsCollector.test.ts[2m > [22mMetricsCollector[2m > [22mRequest Configuration[2m > [22mshould use keepalive flag[32m 1[2mms[22m[39m
 [31m├ù[39m src/utils/__tests__/metricsCollector.test.ts[2m > [22mMetricsCollector[2m > [22mCleanup & Unload[2m > [22mshould clear batch timer on destroy[32m 7[2mms[22m[39m
[31m   ΓåÆ expected "clearInterval" to be called at least once[39m
 [31m├ù[39m src/utils/__tests__/metricsCollector.test.ts[2m > [22mMetricsCollector[2m > [22mCleanup & Unload[2m > [22mshould use sendBeacon for unload[32m 2[2mms[22m[39m
[31m   ΓåÆ expected "spy" to be called at least once[39m
 [32mΓ£ô[39m src/utils/__tests__/metricsCollector.test.ts[2m > [22mMetricsCollector[2m > [22mError Handling[2m > [22mshould handle fetch errors gracefully[32m 3[2mms[22m[39m
 [32mΓ£ô[39m src/utils/__tests__/metricsCollector.test.ts[2m > [22mMetricsCollector[2m > [22mError Handling[2m > [22mshould handle invalid batch[32m 1[2mms[22m[39m
 [32mΓ£ô[39m src/utils/__tests__/metricsCollector.test.ts[2m > [22mMetricsCollector[2m > [22mError Handling[2m > [22mshould handle missing metric context gracefully[32m 1[2mms[22m[39m
 [32mΓ£ô[39m src/utils/__tests__/metricsCollector.test.ts[2m > [22mMetricsCollector[2m > [22mMultiple Metrics[2m > [22mshould collect multiple metrics in sequence[32m 1[2mms[22m[39m
 [32mΓ£ô[39m src/utils/__tests__/metricsCollector.test.ts[2m > [22mMetricsCollector[2m > [22mMultiple Metrics[2m > [22mshould preserve metric order[32m 1[2mms[22m[39m
 [31m├ù[39m src/utils/__tests__/metricsCollector.test.ts[2m > [22mMetricsCollector[2m > [22mMultiple Metrics[2m > [22mshould handle rapid metric recording[32m 2[2mms[22m[39m
[31m   ΓåÆ expected 0 to be greater than 0[39m
 [32mΓ£ô[39m src/utils/__tests__/metricsCollector.test.ts[2m > [22mMetricsCollector[2m > [22mConfiguration Options[2m > [22mshould accept custom batch size[32m 1[2mms[22m[39m
 [31m├ù[39m src/utils/__tests__/metricsCollector.test.ts[2m > [22mMetricsCollector[2m > [22mConfiguration Options[2m > [22mshould accept custom batch interval[32m 5[2mms[22m[39m
[31m   ΓåÆ expected "spy" to be called at least once[39m
 [32mΓ£ô[39m src/utils/__tests__/metricsCollector.test.ts[2m > [22mMetricsCollector[2m > [22mConfiguration Options[2m > [22mshould accept custom environment[32m 1[2mms[22m[39m
 [32mΓ£ô[39m src/utils/__tests__/metricsCollector.test.ts[2m > [22mMetricsCollector[2m > [22mConfiguration Options[2m > [22mshould accept custom endpoint[32m 1[2mms[22m[39m
 [32mΓ£ô[39m src/services/__tests__/paymentService.test.ts[2m > [22mPaymentService[2m > [22mPayment Intent Creation[2m > [22mshould create a payment intent successfully[33m 504[2mms[22m[39m
 [32mΓ£ô[39m src/services/__tests__/paymentService.test.ts[2m > [22mPaymentService[2m > [22mPayment Intent Creation[2m > [22mshould create payment intent with default currency[33m 512[2mms[22m[39m
 [32mΓ£ô[39m src/services/__tests__/paymentService.test.ts[2m > [22mPaymentService[2m > [22mPayment Intent Creation[2m > [22mshould handle payment intent creation errors[32m 6[2mms[22m[39m
 [32mΓ£ô[39m src/services/__tests__/paymentService.test.ts[2m > [22mPaymentService[2m > [22mCard Payment Processing[2m > [22mshould process valid card payment successfully[33m 2509[2mms[22m[39m
 [32mΓ£ô[39m src/services/__tests__/paymentService.test.ts[2m > [22mPaymentService[2m > [22mCard Payment Processing[2m > [22mshould handle declined card payment[33m 2516[2mms[22m[39m
 [32mΓ£ô[39m src/services/__tests__/paymentService.test.ts[2m > [22mPaymentService[2m > [22mCard Payment Processing[2m > [22mshould handle insufficient funds card[33m 2527[2mms[22m[39m
 [32mΓ£ô[39m src/services/__tests__/paymentService.test.ts[2m > [22mPaymentService[2m > [22mCard Payment Processing[2m > [22mshould require 3D Secure authentication[33m 2526[2mms[22m[39m
 [32mΓ£ô[39m src/services/__tests__/paymentService.test.ts[2m > [22mPaymentService[2m > [22mPayPal Payment Processing[2m > [22mshould process PayPal payment successfully[33m 2028[2mms[22m[39m
 [32mΓ£ô[39m src/services/__tests__/paymentService.test.ts[2m > [22mPaymentService[2m > [22mPayPal Payment Processing[2m > [22mshould handle PayPal payment errors[33m 511[2mms[22m[39m
 [32mΓ£ô[39m src/services/__tests__/paymentService.test.ts[2m > [22mPaymentService[2m > [22mRefund Processing[2m > [22mshould process full refund successfully[33m 2526[2mms[22m[39m
 [32mΓ£ô[39m src/services/__tests__/paymentService.test.ts[2m > [22mPaymentService[2m > [22mRefund Processing[2m > [22mshould process partial refund successfully[33m 2524[2mms[22m[39m
 [32mΓ£ô[39m src/services/__tests__/paymentService.test.ts[2m > [22mPaymentService[2m > [22mRefund Processing[2m > [22mshould handle refund errors[33m 502[2mms[22m[39m
 [32mΓ£ô[39m src/services/__tests__/paymentService.test.ts[2m > [22mPaymentService[2m > [22mRefund Processing[2m > [22mshould handle refund for non-existent payment[33m 513[2mms[22m[39m
 [32mΓ£ô[39m src/services/__tests__/paymentService.test.ts[2m > [22mPaymentService[2m > [22mPayment Method Management[2m > [22mshould save payment method successfully[33m 1014[2mms[22m[39m
 [32mΓ£ô[39m src/services/__tests__/paymentService.test.ts[2m > [22mPaymentService[2m > [22mPayment Method Management[2m > [22mshould get saved payment methods for customer[33m 1326[2mms[22m[39m
 [32mΓ£ô[39m src/services/__tests__/paymentService.test.ts[2m > [22mPaymentService[2m > [22mPayment Method Management[2m > [22mshould delete payment method successfully[33m 1524[2mms[22m[39m
 [32mΓ£ô[39m src/services/__tests__/paymentService.test.ts[2m > [22mPaymentService[2m > [22mPayment Validation[2m > [22mshould validate card number format[32m 1[2mms[22m[39m
 [32mΓ£ô[39m src/services/__tests__/paymentService.test.ts[2m > [22mPaymentService[2m > [22mPayment Validation[2m > [22mshould validate expiry date format[32m 1[2mms[22m[39m
 [32mΓ£ô[39m src/services/__tests__/paymentService.test.ts[2m > [22mPaymentService[2m > [22mPayment Validation[2m > [22mshould validate CVV format[32m 1[2mms[22m[39m
 [32mΓ£ô[39m src/services/__tests__/paymentService.test.ts[2m > [22mPaymentService[2m > [22mPayment Validation[2m > [22mshould detect card brand correctly[32m 1[2mms[22m[39m
 [32mΓ£ô[39m src/services/__tests__/paymentService.test.ts[2m > [22mPaymentService[2m > [22mError Handling[2m > [22mshould handle network errors gracefully[32m 1[2mms[22m[39m
 [32mΓ£ô[39m src/services/__tests__/paymentService.test.ts[2m > [22mPaymentService[2m > [22mError Handling[2m > [22mshould handle API errors gracefully[33m 2006[2mms[22m[39m
 [32mΓ£ô[39m src/services/__tests__/paymentService.test.ts[2m > [22mPaymentService[2m > [22mWebhook Handling[2m > [22mshould handle payment succeeded webhook[32m 1[2mms[22m[39m
 [32mΓ£ô[39m src/services/__tests__/paymentService.test.ts[2m > [22mPaymentService[2m > [22mWebhook Handling[2m > [22mshould handle payment failed webhook[32m 1[2mms[22m[39m
node.exe : 
At line:1 char:1
+ & "C:\Program Files\nodejs/node.exe" "C:\Program Files\nodejs/node_mo ...
+ ~~~~~~~~~~~~~~~~~~~~~~~~~~~~~~~~~~~~~~~~~~~~~~~~~~~~~~~~~~~~~~~~~~~~~
    + CategoryInfo          : NotSpecified: (:String) [], RemoteException
    + FullyQualifiedErrorId : NativeCommandError
 
[31mΓÄ»ΓÄ»ΓÄ»ΓÄ»ΓÄ»ΓÄ»ΓÄ»[39m[1m[41m Failed Tests 5 [49m[22m[31mΓÄ»ΓÄ»ΓÄ»ΓÄ»ΓÄ»ΓÄ»ΓÄ»[39m

[41m[1m FAIL [22m[49m src/utils/__tests__/metricsCollector.test.ts[2m > [22mMetricsCollector[2m > 
[22mInitialization[2m > [22mshould respect sample rate
[31m[1mAssertionError[22m: expected 1 to be +0 // Object.is equality[39m

[32m- Expected[39m
[31m+ Received[39m

[32m- 0[39m
[31m+ 1[39m

[36m [2mΓ¥»[22m src/utils/__tests__/metricsCollector.test.ts:[2m60:52[22m[39m
    [90m 58| [39m      sampledCollector[33m.[39m[34mrecordMetric[39m([32m'TestMetric'[39m[33m,[39m 
[34m100[39m)[33m;[39m
    [90m 59| [39m
    [90m 60| [39m      [34mexpect[39m(sampledCollector[33m.[39m[34mgetMetrics[39m()[33m.[39mlength)[33m.[39m[3
4mtoBe[39m([34m0[39m)[33m;[39m
    [90m   | [39m                                                   [31m^[39m
    [90m 61| [39m    })[33m;[39m
    [90m 62| [39m

[31m[2mΓÄ»ΓÄ»ΓÄ»ΓÄ»ΓÄ»ΓÄ»ΓÄ»ΓÄ»ΓÄ»ΓÄ»ΓÄ»ΓÄ»ΓÄ»ΓÄ»ΓÄ»ΓÄ»ΓÄ»ΓÄ»ΓÄ»ΓÄ»ΓÄ»ΓÄ»ΓÄ»ΓÄ»[1/5]ΓÄ»[22m[39m

[41m[1m FAIL [22m[49m src/utils/__tests__/metricsCollector.test.ts[2m > [22mMetricsCollector[2m > [22mCleanup & 
Unload[2m > [22mshould clear batch timer on destroy
[31m[1mAssertionError[22m: expected "clearInterval" to be called at least once[39m
[36m [2mΓ¥»[22m src/utils/__tests__/metricsCollector.test.ts:[2m265:19[22m[39m
    [90m263| [39m      collector[33m.[39m[34mdestroy[39m()[33m;[39m
    [90m264| [39m
    [90m265| [39m      [34mexpect[39m(spy)[33m.[39m[34mtoHaveBeenCalled[39m()[33m;[39m
    [90m   | [39m                  [31m^[39m
    [90m266| [39m
    [90m267| [39m      spy[33m.[39m[34mmockRestore[39m()[33m;[39m

[31m[2mΓÄ»ΓÄ»ΓÄ»ΓÄ»ΓÄ»ΓÄ»ΓÄ»ΓÄ»ΓÄ»ΓÄ»ΓÄ»ΓÄ»ΓÄ»ΓÄ»ΓÄ»ΓÄ»ΓÄ»ΓÄ»ΓÄ»ΓÄ»ΓÄ»ΓÄ»ΓÄ»ΓÄ»[2/5]ΓÄ»[22m[39m

[41m[1m FAIL [22m[49m src/utils/__tests__/metricsCollector.test.ts[2m > [22mMetricsCollector[2m > [22mCleanup & 
Unload[2m > [22mshould use sendBeacon for unload
[31m[1mAssertionError[22m: expected "spy" to be called at least once[39m
[36m [2mΓ¥»[22m src/utils/__tests__/metricsCollector.test.ts:[2m278:43[22m[39m
    [90m276| [39m
    [90m277| [39m      [90m// Verify sendBeacon was called[39m
    [90m278| [39m      
[34mexpect[39m(global[33m.[39mnavigator[33m.[39msendBeacon)[33m.[39m[34mtoHaveBeenCalled[39m()[33m;[39m
    [90m   | [39m                                          [31m^[39m
    [90m279| [39m    })[33m;[39m
    [90m280| [39m  })[33m;[39m

[31m[2mΓÄ»ΓÄ»ΓÄ»ΓÄ»ΓÄ»ΓÄ»ΓÄ»ΓÄ»ΓÄ»ΓÄ»ΓÄ»ΓÄ»ΓÄ»ΓÄ»ΓÄ»ΓÄ»ΓÄ»ΓÄ»ΓÄ»ΓÄ»ΓÄ»ΓÄ»ΓÄ»ΓÄ»[3/5]ΓÄ»[22m[39m

[41m[1m FAIL [22m[49m src/utils/__tests__/metricsCollector.test.ts[2m > [22mMetricsCollector[2m > [22mMultiple 
Metrics[2m > [22mshould handle rapid metric recording
[31m[1mAssertionError[22m: expected 0 to be greater than 0[39m
[36m [2mΓ¥»[22m src/utils/__tests__/metricsCollector.test.ts:[2m348:30[22m[39m
    [90m346| [39m
    [90m347| [39m      [35mconst[39m metrics [33m=[39m collector[33m.[39m[34mgetMetrics[39m()[33m;[39m
    [90m348| [39m      
[34mexpect[39m(metrics[33m.[39mlength)[33m.[39m[34mtoBeGreaterThan[39m([34m0[39m)[33m;[39m
    [90m   | [39m                             [31m^[39m
    [90m349| [39m    })[33m;[39m
    [90m350| [39m  })[33m;[39m

[31m[2mΓÄ»ΓÄ»ΓÄ»ΓÄ»ΓÄ»ΓÄ»ΓÄ»ΓÄ»ΓÄ»ΓÄ»ΓÄ»ΓÄ»ΓÄ»ΓÄ»ΓÄ»ΓÄ»ΓÄ»ΓÄ»ΓÄ»ΓÄ»ΓÄ»ΓÄ»ΓÄ»ΓÄ»[4/5]ΓÄ»[22m[39m

[41m[1m FAIL [22m[49m src/utils/__tests__/metricsCollector.test.ts[2m > [22mMetricsCollector[2m > 
[22mConfiguration Options[2m > [22mshould accept custom batch interval
[31m[1mAssertionError[22m: expected "spy" to be called at least once[39m
[36m [2mΓ¥»[22m src/utils/__tests__/metricsCollector.test.ts:[2m382:28[22m[39m
    [90m380| [39m      vi[33m.[39m[34madvanceTimersByTime[39m([34m600[39m)[33m;[39m
    [90m381| [39m
    [90m382| [39m      [34mexpect[39m(global[33m.[39mfetch)[33m.[39m[34mtoHaveBeenCalled[39m()[33m;[39m
    [90m   | [39m                           [31m^[39m
    [90m383| [39m
    [90m384| [39m      vi[33m.[39m[34museRealTimers[39m()[33m;[39m

[31m[2mΓÄ»ΓÄ»ΓÄ»ΓÄ»ΓÄ»ΓÄ»ΓÄ»ΓÄ»ΓÄ»ΓÄ»ΓÄ»ΓÄ»ΓÄ»ΓÄ»ΓÄ»ΓÄ»ΓÄ»ΓÄ»ΓÄ»ΓÄ»ΓÄ»ΓÄ»ΓÄ»ΓÄ»[5/5]ΓÄ»[22m[39m


[2m Test Files [22m [1m[31m1 failed[39m[22m[2m | [22m[1m[32m7 passed[39m[22m[90m (8)[39m
[2m      Tests [22m [1m[31m5 failed[39m[22m[2m | [22m[1m[32m107 passed[39m[22m[90m (112)[39m
[2m   Start at [22m 17:45:22
[2m   Duration [22m 31.75s[2m (transform 1.37s, setup 183ms, collect 2.73s, tests 25.93s, environment 31.90s, prepare 6.56s)[22m

