
> global-shopping-assistant@1.0.0 test
> vitest --run


[1m[46m RUN [49m[22m [36mv3.2.4 [39m[90mC:/Users/pc/Documents/GitHub/wrlds-ai-integration-6556[39m

